
--- TEST 1: Negative Returns ---
Γ£ô Using provided market weights: [ 0.33, 0.33, 0.33 ]
Weights: [ 0.7457370372920685, 0.2542629627079315, 0 ]
Sum: 1
Test 1 Passed

--- TEST 2: Huge Positive Returns ---
Γ£ô Using provided market weights: [ 0.33, 0.33, 0.33 ]
Weights: [ 0.4546058671601026, 0.12792891982152949, 0.417465213018368 ]
Sum: 1
Test 2 Passed

--- TEST 3: Zero Returns ---
Γ£ô Using provided market weights: [ 0.33, 0.33, 0.33 ]

--- TEST 4: Malformed Market Weights ---
Γ£ô Using provided market weights: [ 100, 100, 100 ]
No views set - using Market Cap weights directly: [ 100, 100, 100 ]
Weights: [ 100, 100, 100 ]
Sum: 300
node : Test 3 Failed: Matrix is singular 
or nearly singular
At line:1 char:1
+ node src/reproduce_issue.js > 
test_output.txt 2>&1
+ ~~~~~~~~~~~~~~~~~~~~~~~~~~~~~~~~~~~~~~~~~
~~~~~~~~~
    + CategoryInfo          : NotSpecified 
   : (Test 3 Failed: ...nearly singular:S  
  tring) [], RemoteException
    + FullyQualifiedErrorId : NativeComman 
   dError
 
Test 4 Failed: Weights sum to 300.000000, 
not 1.0
